projects/amazon-trend-analyzer/qb_chunks/page_180_skip180000.csv
ASIN Buyability Flag,asin_status,CVR%,revenue,asp,units,gv,Images #,Videos #,Has A+ Content,Buybox Winner,Average Rating,Number of Ratings,bb_price,Ad CTR%,Ad CVR%,bsr,brand,Ad CPC$,ASIN (Description),Update Type,Sold By Amazon,Has Coupon?,Has Store Link?,In Stock Today?,category,Sellable On Hand Units,asin,date,Ad Cost,Ad Sales,Ad Clicks,Ad Impressions,Ad Conversions
In Stock,FD,,,,,,9.0,0.0,True,,4.7,202.0,16.1,,,257.0,Clorox Pro,,B08YRXP4HG (Clorox Healthcare - GBG AloeGel Hand Sanitizer Gel - 18oz (532ml) - NDC # 69540-0026-2),[],True,False,True,False,Pro Hand Care,,B08YRXP4HG,2026-05-15,,,,,
In Stock,FD,,258.0,16.1,16.0,,9.0,0.0,True,,4.7,202.0,16.1,,,259.0,Clorox Pro,,B08YRXP4HG (Clorox Healthcare - GBG AloeGel Hand Sanitizer Gel - 18oz (532ml) - NDC # 69540-0026-2),[],True,False,True,False,Pro Hand Care,,B08YRXP4HG,2026-05-14,,,,,
In Stock,FD,,161.0,16.1,10.0,,9.0,0.0,True,,4.7,202.0,16.1,,,251.0,Clorox Pro,,B08YRXP4HG (Clorox Healthcare - GBG AloeGel Hand Sanitizer Gel - 18oz (532ml) - NDC # 69540-0026-2),[],True,False,True,False,Pro Hand Care,,B08YRXP4HG,2026-05-13,,,,,
In Stock,FD,,113.0,16.1,7.0,,9.0,0.0,True,,4.7,202.0,16.1,,,224.0,Clorox Pro,,B08YRXP4HG (Clorox Healthcare - GBG AloeGel Hand Sanitizer Gel - 18oz (532ml) - NDC # 69540-0026-2),[],True,False,True,False,Pro Hand Care,,B08YRXP4HG,2026-05-12,,,,,
In Stock,FD,0.095,64.0,16.1,4.0,42.0,9.0,0.0,True,,4.7,203.0,22.3,,,243.0,Clorox Pro,,B08YRXP4HG (Clorox Healthcare - GBG AloeGel Hand Sanitizer Gel - 18oz (532ml) - NDC # 69540-0026-2),[],True,False,True,False,Pro Hand Care,202.0,B08YRXP4HG,2026-05-11,,,,,
In Stock,FD,0.071,22.0,22.3,1.0,14.0,9.0,0.0,True,,4.7,203.0,22.28,,,246.0,Clorox Pro,,B08YRXP4HG (Clorox Healthcare - GBG AloeGel Hand Sanitizer Gel - 18oz (532ml) - NDC # 69540-0026-2),[],True,False,True,False,Pro Hand Care,204.0,B08YRXP4HG,2026-05-10,,,,,
In Stock,FD,0.2,45.0,22.27,2.0,10.0,9.0,0.0,True,,4.7,203.0,22.45,,,273.0,Clorox Pro,,B08YRXP4HG (Clorox Healthcare - GBG AloeGel Hand Sanitizer Gel - 18oz (532ml) - NDC # 69540-0026-2),[],True,False,True,False,Pro Hand Care,211.0,B08YRXP4HG,2026-05-08,,,,,
In Stock,FD,0.333,150.0,21.48,7.0,21.0,9.0,0.0,True,,4.7,203.0,19.99,,,301.0,Clorox Pro,,B08YRXP4HG (Clorox Healthcare - GBG AloeGel Hand Sanitizer Gel - 18oz (532ml) - NDC # 69540-0026-2),[],True,False,True,False,Pro Hand Care,215.0,B08YRXP4HG,2026-05-07,,,,,
In Stock,FD,0.294,107.0,21.32,5.0,17.0,9.0,0.0,True,,4.7,203.0,19.99,,,311.0,Clorox Pro,,B08YRXP4HG (Clorox Healthcare - GBG AloeGel Hand Sanitizer Gel - 18oz (532ml) - NDC # 69540-0026-2),[],True,False,True,False,Pro Hand Care,221.0,B08YRXP4HG,2026-05-06,,,,,
In Stock,FD,0.167,21.0,21.32,1.0,6.0,9.0,0.0,True,Boondocks Medical,4.7,203.0,19.99,,,296.0,Clorox Pro,,B08YRXP4HG (Clorox Healthcare - GBG AloeGel Hand Sanitizer Gel - 18oz (532ml) - NDC # 69540-0026-2),[],False,False,True,False,Pro Hand Care,224.0,B08YRXP4HG,2026-05-05,,,,,
In Stock,FD,0.0,-1.0,,0.0,18.0,9.0,0.0,True,Boondocks Medical,4.7,203.0,19.99,,,317.0,Clorox Pro,,B08YRXP4HG (Clorox Healthcare - GBG AloeGel Hand Sanitizer Gel - 18oz (532ml) - NDC # 69540-0026-2),[],False,False,True,False,Pro Hand Care,226.0,B08YRXP4HG,2026-05-04,,,,,
In Stock,FD,0.6,64.0,21.32,3.0,5.0,9.0,0.0,True,Boondocks Medical,4.7,203.0,19.99,,,324.0,Clorox Pro,,B08YRXP4HG (Clorox Healthcare - GBG AloeGel Hand Sanitizer Gel - 18oz (532ml) - NDC # 69540-0026-2),[],False,False,True,False,Pro Hand Care,227.0,B08YRXP4HG,2026-05-03,,,,,
In Stock,FD,0.333,43.0,21.32,2.0,6.0,9.0,0.0,True,Boondocks Medical,4.7,203.0,19.99,,,360.0,Clorox Pro,,B08YRXP4HG (Clorox Healthcare - GBG AloeGel Hand Sanitizer Gel - 18oz (532ml) - NDC # 69540-0026-2),[],False,False,True,False,Pro Hand Care,227.0,B08YRXP4HG,2026-05-02,,,,,
In Stock,FD,0.286,43.0,21.32,2.0,7.0,9.0,0.0,True,Boondocks Medical,4.7,202.0,19.99,,,364.0,Clorox Pro,,B08YRXP4HG (Clorox Healthcare - GBG AloeGel Hand Sanitizer Gel - 18oz (532ml) - NDC # 69540-0026-2),[],False,False,True,False,Pro Hand Care,228.0,B08YRXP4HG,2026-05-01,,,,,
In Stock,FD,-0.5,-22.0,22.42,-1.0,2.0,9.0,0.0,True,Boondocks Medical,4.7,202.0,19.99,,,360.0,Clorox Pro,,B08YRXP4HG (Clorox Healthcare - GBG AloeGel Hand Sanitizer Gel - 18oz (532ml) - NDC # 69540-0026-2),[],False,False,True,False,Pro Hand Care,230.0,B08YRXP4HG,2026-04-30,,,,,
In Stock,FD,,0.0,,0.0,0.0,9.0,0.0,True,Boondocks Medical,4.7,202.0,19.99,,,343.0,Clorox Pro,,B08YRXP4HG (Clorox Healthcare - GBG AloeGel Hand Sanitizer Gel - 18oz (532ml) - NDC # 69540-0026-2),[],False,False,True,False,Pro Hand Care,230.0,B08YRXP4HG,2026-04-29,,,,,
In Stock,FD,0.0,0.0,,0.0,2.0,9.0,0.0,True,Boondocks Medical,4.7,202.0,19.99,,,322.0,Clorox Pro,,B08YRXP4HG (Clorox Healthcare - GBG AloeGel Hand Sanitizer Gel - 18oz (532ml) - NDC # 69540-0026-2),[],False,False,True,False,Pro Hand Care,219.0,B08YRXP4HG,2026-04-28,,,,,
In Stock,FD,1.0,22.0,22.42,1.0,1.0,9.0,0.0,True,Boondocks Medical,4.7,202.0,19.99,,,333.0,Clorox Pro,,B08YRXP4HG (Clorox Healthcare - GBG AloeGel Hand Sanitizer Gel - 18oz (532ml) - NDC # 69540-0026-2),[],False,False,True,False,Pro Hand Care,207.0,B08YRXP4HG,2026-04-27,,,,,
In Stock,FD,0.5,22.0,22.42,1.0,2.0,9.0,0.0,True,Boondocks Medical,4.7,202.0,19.99,,,297.0,Clorox Pro,,B08YRXP4HG (Clorox Healthcare - GBG AloeGel Hand Sanitizer Gel - 18oz (532ml) - NDC # 69540-0026-2),[],False,False,True,False,Pro Hand Care,207.0,B08YRXP4HG,2026-04-26,,,,,
In Stock,FD,0.5,22.0,22.42,1.0,2.0,9.0,0.0,True,Boondocks Medical,4.7,202.0,19.99,,,291.0,Clorox Pro,,B08YRXP4HG (Clorox Healthcare - GBG AloeGel Hand Sanitizer Gel - 18oz (532ml) - NDC # 69540-0026-2),[],False,False,True,False,Pro Hand Care,195.0,B08YRXP4HG,2026-04-25,,,,,
In Stock,FD,0.0,0.0,,0.0,2.0,9.0,0.0,True,Boondocks Medical,4.7,202.0,19.99,,,309.0,Clorox Pro,,B08YRXP4HG (Clorox Healthcare - GBG AloeGel Hand Sanitizer Gel - 18oz (532ml) - NDC # 69540-0026-2),[],False,False,True,False,Pro Hand Care,196.0,B08YRXP4HG,2026-04-24,,,,,
In Stock,FD,0.0,0.0,,0.0,3.0,9.0,0.0,True,Boondocks Medical,4.7,202.0,19.99,,,331.0,Clorox Pro,,B08YRXP4HG (Clorox Healthcare - GBG AloeGel Hand Sanitizer Gel - 18oz (532ml) - NDC # 69540-0026-2),[],False,False,True,False,Pro Hand Care,197.0,B08YRXP4HG,2026-04-23,,,,,
In Stock,FD,0.5,23.0,22.65,1.0,2.0,9.0,0.0,True,Boondocks Medical,4.7,201.0,19.99,,,304.0,Clorox Pro,,B08YRXP4HG (Clorox Healthcare - GBG AloeGel Hand Sanitizer Gel - 18oz (532ml) - NDC # 69540-0026-2),[],False,False,True,False,Pro Hand Care,173.0,B08YRXP4HG,2026-04-22,,,,,
In Stock,FD,0.0,,,,1.0,9.0,0.0,True,Boondocks Medical,4.7,201.0,19.99,,,318.0,Clorox Pro,,B08YRXP4HG (Clorox Healthcare - GBG AloeGel Hand Sanitizer Gel - 18oz (532ml) - NDC # 69540-0026-2),[],False,False,True,False,Pro Hand Care,173.0,B08YRXP4HG,2026-04-21,,,,,
In Stock,FD,0.0,,,,8.0,9.0,0.0,True,Boondocks Medical,4.7,201.0,19.99,,,312.0,Clorox Pro,,B08YRXP4HG (Clorox Healthcare - GBG AloeGel Hand Sanitizer Gel - 18oz (532ml) - NDC # 69540-0026-2),[],False,False,True,False,Pro Hand Care,173.0,B08YRXP4HG,2026-04-20,,,,,
In Stock,FD,0.0,,,,3.0,9.0,0.0,True,Boondocks Medical,4.7,201.0,19.99,,,289.0,Clorox Pro,,B08YRXP4HG (Clorox Healthcare - GBG AloeGel Hand Sanitizer Gel - 18oz (532ml) - NDC # 69540-0026-2),[],False,False,True,False,Pro Hand Care,173.0,B08YRXP4HG,2026-04-19,,,,,
In Stock,FD,0.0,0.0,,0.0,2.0,0.0,0.0,True,Boondocks Medical,4.7,200.0,19.99,,,310.0,Clorox Pro,,B08YRXP4HG (Clorox Healthcare - GBG AloeGel Hand Sanitizer Gel - 18oz (532ml) - NDC # 69540-0026-2),[],False,False,True,False,Pro Hand Care,150.0,B08YRXP4HG,2026-04-17,,,,,
In Stock,FD,0.0,0.0,,0.0,2.0,9.0,0.0,True,Boondocks Medical,4.7,200.0,19.99,,,329.0,Clorox Pro,,B08YRXP4HG (Clorox Healthcare - GBG AloeGel Hand Sanitizer Gel - 18oz (532ml) - NDC # 69540-0026-2),[],False,False,True,False,Pro Hand Care,139.0,B08YRXP4HG,2026-04-16,,,,,
In Stock,FD,0.0,0.0,,0.0,3.0,9.0,0.0,True,Boondocks Medical,4.7,200.0,19.99,,,311.0,Clorox Pro,,B08YRXP4HG (Clorox Healthcare - GBG AloeGel Hand Sanitizer Gel - 18oz (532ml) - NDC # 69540-0026-2),[],False,False,True,False,Pro Hand Care,127.0,B08YRXP4HG,2026-04-15,,,,,
In Stock,FD,0.4,44.0,22.0,2.0,5.0,9.0,0.0,True,Boondocks Medical,4.7,200.0,19.99,,,276.0,Clorox Pro,,B08YRXP4HG (Clorox Healthcare - GBG AloeGel Hand Sanitizer Gel - 18oz (532ml) - NDC # 69540-0026-2),[],False,False,True,False,Pro Hand Care,115.0,B08YRXP4HG,2026-04-14,,,,,
In Stock,FD,0.25,20.0,20.02,1.0,4.0,9.0,0.0,True,Boondocks Medical,4.7,200.0,19.99,,,281.0,Clorox Pro,,B08YRXP4HG (Clorox Healthcare - GBG AloeGel Hand Sanitizer Gel - 18oz (532ml) - NDC # 69540-0026-2),[],False,False,True,False,Pro Hand Care,68.0,B08YRXP4HG,2026-04-13,,,,,
In Stock,FD,0.333,22.0,22.03,1.0,3.0,9.0,0.0,True,Boondocks Medical,4.7,200.0,19.99,,,284.0,Clorox Pro,,B08YRXP4HG (Clorox Healthcare - GBG AloeGel Hand Sanitizer Gel - 18oz (532ml) - NDC # 69540-0026-2),[],False,False,True,False,Pro Hand Care,72.0,B08YRXP4HG,2026-04-12,,,,,
In Stock,FD,,0.0,,0.0,0.0,9.0,0.0,True,Boondocks Medical,4.7,200.0,19.99,,,291.0,Clorox Pro,,B08YRXP4HG (Clorox Healthcare - GBG AloeGel Hand Sanitizer Gel - 18oz (532ml) - NDC # 69540-0026-2),[],False,False,True,False,Pro Hand Care,0.0,B08YRXP4HG,2026-04-11,,,,,
In Stock,FD,0.5,22.0,22.33,1.0,2.0,9.0,0.0,True,,4.7,200.0,19.99,,,281.0,Clorox Pro,,B08YRXP4HG (Clorox Healthcare - GBG AloeGel Hand Sanitizer Gel - 18oz (532ml) - NDC # 69540-0026-2),[],True,False,True,False,Pro Hand Care,72.0,B08YRXP4HG,2026-04-10,,,,,
In Stock,FD,0.0,,,,3.0,9.0,0.0,True,,4.7,200.0,19.99,,,272.0,Clorox Pro,,B08YRXP4HG (Clorox Healthcare - GBG AloeGel Hand Sanitizer Gel - 18oz (532ml) - NDC # 69540-0026-2),[],True,False,True,False,Pro Hand Care,72.0,B08YRXP4HG,2026-04-09,,,,,
In Stock,FD,0.0,0.0,,0.0,3.0,9.0,0.0,True,,4.7,200.0,19.99,,,286.0,Clorox Pro,,B08YRXP4HG (Clorox Healthcare - GBG AloeGel Hand Sanitizer Gel - 18oz (532ml) - NDC # 69540-0026-2),[],True,False,True,False,Pro Hand Care,72.0,B08YRXP4HG,2026-04-08,,,,,
In Stock,FD,1.0,44.0,21.94,2.0,2.0,9.0,0.0,True,,4.7,201.0,19.99,,,283.0,Clorox Pro,,B08YRXP4HG (Clorox Healthcare - GBG AloeGel Hand Sanitizer Gel - 18oz (532ml) - NDC # 69540-0026-2),[],True,False,True,False,Pro Hand Care,77.0,B08YRXP4HG,2026-04-07,,,,,
In Stock,FD,1.0,43.0,21.53,2.0,2.0,9.0,0.0,True,Boondocks Medical,4.7,201.0,19.99,,,287.0,Clorox Pro,,B08YRXP4HG (Clorox Healthcare - GBG AloeGel Hand Sanitizer Gel - 18oz (532ml) - NDC # 69540-0026-2),[],False,False,True,False,Pro Hand Care,65.0,B08YRXP4HG,2026-04-06,,,,,
In Stock,FD,0.0,0.0,,0.0,1.0,9.0,0.0,True,Boondocks Medical,4.7,201.0,19.99,,,265.0,Clorox Pro,,B08YRXP4HG (Clorox Healthcare - GBG AloeGel Hand Sanitizer Gel - 18oz (532ml) - NDC # 69540-0026-2),[],False,False,True,False,Pro Hand Care,65.0,B08YRXP4HG,2026-04-05,,,,,
In Stock,FD,3.0,65.0,21.53,3.0,1.0,9.0,0.0,True,Boondocks Medical,4.7,201.0,19.99,,,267.0,Clorox Pro,,B08YRXP4HG (Clorox Healthcare - GBG AloeGel Hand Sanitizer Gel - 18oz (532ml) - NDC # 69540-0026-2),[],False,False,True,False,Pro Hand Care,66.0,B08YRXP4HG,2026-04-04,,,,,
In Stock,FD,,22.0,22.39,1.0,0.0,9.0,0.0,True,Boondocks Medical,4.7,200.0,19.99,,,281.0,Clorox Pro,,B08YRXP4HG (Clorox Healthcare - GBG AloeGel Hand Sanitizer Gel - 18oz (532ml) - NDC # 69540-0026-2),[],False,False,True,False,Pro Hand Care,66.0,B08YRXP4HG,2026-04-03,,,,,
In Stock,FD,3.0,63.0,21.03,3.0,1.0,9.0,0.0,True,,4.7,200.0,19.99,,,305.0,Clorox Pro,,B08YRXP4HG (Clorox Healthcare - GBG AloeGel Hand Sanitizer Gel - 18oz (532ml) - NDC # 69540-0026-2),[],True,False,True,False,Pro Hand Care,67.0,B08YRXP4HG,2026-04-02,,,,,
In Stock,FD,0.286,43.0,21.53,2.0,7.0,9.0,0.0,True,,4.7,200.0,19.99,,,309.0,Clorox Pro,,B08YRXP4HG (Clorox Healthcare - GBG AloeGel Hand Sanitizer Gel - 18oz (532ml) - NDC # 69540-0026-2),[],True,False,True,False,Pro Hand Care,70.0,B08YRXP4HG,2026-04-01,,,,,
In Stock,FD,0.2,43.0,21.53,2.0,10.0,9.0,0.0,True,,4.7,200.0,19.99,,,307.0,Clorox Pro,,B08YRXP4HG (Clorox Healthcare - GBG AloeGel Hand Sanitizer Gel - 18oz (532ml) - NDC # 69540-0026-2),[],True,False,True,False,Pro Hand Care,72.0,B08YRXP4HG,2026-03-31,,,,,
In Stock,FD,0.111,22.0,21.53,1.0,9.0,9.0,0.0,True,,4.7,200.0,21.53,,,302.0,Clorox Pro,,B08YRXP4HG (Clorox Healthcare - GBG AloeGel Hand Sanitizer Gel - 18oz (532ml) - NDC # 69540-0026-2),[],True,False,True,False,Pro Hand Care,75.0,B08YRXP4HG,2026-03-30,,,,,
In Stock,FD,,0.0,,0.0,0.0,9.0,0.0,True,,4.7,200.0,21.53,,,279.0,Clorox Pro,,B08YRXP4HG (Clorox Healthcare - GBG AloeGel Hand Sanitizer Gel - 18oz (532ml) - NDC # 69540-0026-2),[],True,False,True,False,Pro Hand Care,75.0,B08YRXP4HG,2026-03-29,,,,,
In Stock,FD,0.111,22.0,21.53,1.0,9.0,9.0,0.0,True,Boondocks Medical,4.7,200.0,19.99,,,269.0,Clorox Pro,,B08YRXP4HG (Clorox Healthcare - GBG AloeGel Hand Sanitizer Gel - 18oz (532ml) - NDC # 69540-0026-2),[],False,False,True,False,Pro Hand Care,77.0,B08YRXP4HG,2026-03-28,,,,,
In Stock,FD,0.2,22.0,21.55,1.0,5.0,9.0,0.0,True,Boondocks Medical,4.7,200.0,19.99,,,278.0,Clorox Pro,,B08YRXP4HG (Clorox Healthcare - GBG AloeGel Hand Sanitizer Gel - 18oz (532ml) - NDC # 69540-0026-2),[],False,False,True,False,Pro Hand Care,80.0,B08YRXP4HG,2026-03-27,,,,,
In Stock,FD,0.643,193.0,21.48,9.0,14.0,9.0,0.0,True,,4.7,199.0,19.99,,,294.0,Clorox Pro,,B08YRXP4HG (Clorox Healthcare - GBG AloeGel Hand Sanitizer Gel - 18oz (532ml) - NDC # 69540-0026-2),[],True,False,True,False,Pro Hand Care,87.0,B08YRXP4HG,2026-03-26,,,,,
In Stock,FD,0.2,22.0,21.55,1.0,5.0,9.0,0.0,True,,4.7,200.0,19.99,,,266.0,Clorox Pro,,B08YRXP4HG (Clorox Healthcare - GBG AloeGel Hand Sanitizer Gel - 18oz (532ml) - NDC # 69540-0026-2),[],True,False,True,False,Pro Hand Care,88.0,B08YRXP4HG,2026-03-25,,,,,
In Stock,FD,0.077,22.0,21.55,1.0,13.0,9.0,0.0,True,,4.7,200.0,19.99,,,243.0,Clorox Pro,,B08YRXP4HG (Clorox Healthcare - GBG AloeGel Hand Sanitizer Gel - 18oz (532ml) - NDC # 69540-0026-2),[],True,False,True,False,Pro Hand Care,88.0,B08YRXP4HG,2026-03-24,,,,,
In Stock,FD,1.0,65.0,21.55,3.0,3.0,9.0,0.0,True,,4.7,200.0,19.99,,,253.0,Clorox Pro,,B08YRXP4HG (Clorox Healthcare - GBG AloeGel Hand Sanitizer Gel - 18oz (532ml) - NDC # 69540-0026-2),[],True,False,True,False,Pro Hand Care,91.0,B08YRXP4HG,2026-03-23,,,,,
In Stock,FD,0.5,86.0,21.54,4.0,8.0,9.0,0.0,True,,4.7,200.0,21.5,,,268.0,Clorox Pro,,B08YRXP4HG (Clorox Healthcare - GBG AloeGel Hand Sanitizer Gel - 18oz (532ml) - NDC # 69540-0026-2),[],True,False,True,False,Pro Hand Care,95.0,B08YRXP4HG,2026-03-22,,,,,
In Stock,FD,0.2,22.0,21.5,1.0,5.0,9.0,0.0,True,Boondocks Medical,4.7,200.0,19.99,,,269.0,Clorox Pro,,B08YRXP4HG (Clorox Healthcare - GBG AloeGel Hand Sanitizer Gel - 18oz (532ml) - NDC # 69540-0026-2),[],False,False,True,False,Pro Hand Care,95.0,B08YRXP4HG,2026-03-21,,,,,
In Stock,FD,0.0,0.0,,0.0,12.0,9.0,0.0,True,Boondocks Medical,4.7,200.0,19.99,,,275.0,Clorox Pro,,B08YRXP4HG (Clorox Healthcare - GBG AloeGel Hand Sanitizer Gel - 18oz (532ml) - NDC # 69540-0026-2),[],False,False,True,False,Pro Hand Care,95.0,B08YRXP4HG,2026-03-20,,,,,
In Stock,FD,0.045,22.0,21.59,1.0,22.0,9.0,0.0,True,,4.7,199.0,19.99,,,284.0,Clorox Pro,,B08YRXP4HG (Clorox Healthcare - GBG AloeGel Hand Sanitizer Gel - 18oz (532ml) - NDC # 69540-0026-2),[],True,False,True,False,Pro Hand Care,96.0,B08YRXP4HG,2026-03-19,,,,,
In Stock,FD,0.0,0.0,,0.0,3.0,9.0,0.0,True,,4.4,282.0,19.99,,,260.0,Clorox Pro,,B08YRXP4HG (Clorox Healthcare - GBG AloeGel Hand Sanitizer Gel - 18oz (532ml) - NDC # 69540-0026-2),[],True,False,True,False,Pro Hand Care,100.0,B08YRXP4HG,2026-03-18,,,,,
In Stock,FD,0.857,127.0,21.13,6.0,7.0,9.0,0.0,True,Boondocks Medical,4.4,282.0,19.99,,,237.0,Clorox Pro,,B08YRXP4HG (Clorox Healthcare - GBG AloeGel Hand Sanitizer Gel - 18oz (532ml) - NDC # 69540-0026-2),[],False,False,True,False,Pro Hand Care,102.0,B08YRXP4HG,2026-03-17,,,,,
In Stock,FD,0.0,,,,9.0,9.0,0.0,True,Boondocks Medical,4.4,282.0,19.99,,,224.0,Clorox Pro,,B08YRXP4HG (Clorox Healthcare - GBG AloeGel Hand Sanitizer Gel - 18oz (532ml) - NDC # 69540-0026-2),[],False,False,True,False,Pro Hand Care,102.0,B08YRXP4HG,2026-03-16,,,,,
In Stock,FD,0.0,0.0,,0.0,6.0,9.0,0.0,True,Boondocks Medical,4.4,282.0,19.99,,,258.0,Clorox Pro,,B08YRXP4HG (Clorox Healthcare - GBG AloeGel Hand Sanitizer Gel - 18oz (532ml) - NDC # 69540-0026-2),[],False,False,True,False,Pro Hand Care,102.0,B08YRXP4HG,2026-03-15,,,,,
In Stock,FD,0.25,22.0,21.62,1.0,4.0,9.0,0.0,True,Boondocks Medical,4.4,282.0,19.99,,,246.0,Clorox Pro,,B08YRXP4HG (Clorox Healthcare - GBG AloeGel Hand Sanitizer Gel - 18oz (532ml) - NDC # 69540-0026-2),[],False,False,True,False,Pro Hand Care,106.0,B08YRXP4HG,2026-03-14,,,,,
In Stock,FD,0.8,85.0,21.22,4.0,5.0,9.0,0.0,True,Boondocks Medical,4.4,282.0,19.99,,,222.0,Clorox Pro,,B08YRXP4HG (Clorox Healthcare - GBG AloeGel Hand Sanitizer Gel - 18oz (532ml) - NDC # 69540-0026-2),[],False,False,True,False,Pro Hand Care,114.0,B08YRXP4HG,2026-03-13,,,,,
In Stock,FD,1.4,142.0,20.31,7.0,5.0,9.0,0.0,True,,4.4,282.0,20.42,,,193.0,Clorox Pro,,B08YRXP4HG (Clorox Healthcare - GBG AloeGel Hand Sanitizer Gel - 18oz (532ml) - NDC # 69540-0026-2),[],True,False,True,False,Pro Hand Care,117.0,B08YRXP4HG,2026-03-12,,,,,
In Stock,FD,0.333,61.0,20.42,3.0,9.0,9.0,0.0,True,,4.4,281.0,20.42,,,178.0,Clorox Pro,,B08YRXP4HG (Clorox Healthcare - GBG AloeGel Hand Sanitizer Gel - 18oz (532ml) - NDC # 69540-0026-2),[],True,False,True,False,Pro Hand Care,118.0,B08YRXP4HG,2026-03-11,,,,,
In Stock,FD,0.25,41.0,20.43,2.0,8.0,9.0,0.0,True,,4.4,281.0,20.44,,,171.0,Clorox Pro,,B08YRXP4HG (Clorox Healthcare - GBG AloeGel Hand Sanitizer Gel - 18oz (532ml) - NDC # 69540-0026-2),[],True,False,True,False,Pro Hand Care,113.0,B08YRXP4HG,2026-03-10,,,,,
In Stock,FD,0.083,20.0,20.44,1.0,12.0,9.0,0.0,True,,4.4,281.0,20.44,,,174.0,Clorox Pro,,B08YRXP4HG (Clorox Healthcare - GBG AloeGel Hand Sanitizer Gel - 18oz (532ml) - NDC # 69540-0026-2),[],True,False,True,False,Pro Hand Care,114.0,B08YRXP4HG,2026-03-09,,,,,
